INFO 2026-01-17 17:29:38,479 autoreload 19728 14960 Watching for file changes with StatReloader
INFO 2026-01-17 17:31:19,209 autoreload 23560 25664 Watching for file changes with StatReloader
INFO 2026-01-17 17:32:31,708 basehttp 23560 8608 "GET /api/schema/ HTTP/1.1" 200 211256
INFO 2026-01-17 17:32:41,164 basehttp 23560 8608 "GET /api/docs/ HTTP/1.1" 200 4644
INFO 2026-01-17 17:32:42,708 basehttp 23560 8608 "GET /api/schema/ HTTP/1.1" 200 476394
INFO 2026-01-17 17:34:44,887 basehttp 23560 8608 "GET /api/academic-years/ HTTP/1.1" 200 184
INFO 2026-01-17 17:44:38,373 autoreload 14676 27152 Watching for file changes with StatReloader
INFO 2026-01-17 17:48:42,530 basehttp 14676 13288 "POST /api/auth/login/ HTTP/1.1" 200 50
INFO 2026-01-17 18:18:59,270 autoreload 14676 27152 F:\Scholl Management\backend\config\settings.py changed, reloading.
INFO 2026-01-17 18:19:02,251 autoreload 5436 27192 Watching for file changes with StatReloader
INFO 2026-01-17 18:21:34,581 autoreload 7520 11996 Watching for file changes with StatReloader
INFO 2026-01-17 18:22:01,130 basehttp 7520 7720 "GET /api/docs/ HTTP/1.1" 200 4644
INFO 2026-01-17 18:22:02,613 basehttp 7520 7720 "GET /api/schema/ HTTP/1.1" 200 476394
WARNING 2026-01-17 18:25:59,022 basehttp 7520 7720 "POST /api/auth/login/ HTTP/1.1" 400 68
INFO 2026-01-17 18:32:41,135 basehttp 7520 23584 "POST /api/auth/login/ HTTP/1.1" 200 50
INFO 2026-01-17 18:40:09,699 autoreload 7520 11996 F:\Scholl Management\backend\config\settings.py changed, reloading.
INFO 2026-01-17 18:40:11,565 autoreload 24316 11064 Watching for file changes with StatReloader
INFO 2026-01-17 18:40:35,558 autoreload 24316 11064 F:\Scholl Management\backend\config\settings.py changed, reloading.
INFO 2026-01-17 18:40:37,068 autoreload 2164 9836 Watching for file changes with StatReloader
INFO 2026-01-17 18:41:29,901 autoreload 2164 9836 F:\Scholl Management\backend\config\settings.py changed, reloading.
INFO 2026-01-17 18:41:31,509 autoreload 8664 14664 Watching for file changes with StatReloader
INFO 2026-01-17 18:41:50,480 autoreload 8664 14664 F:\Scholl Management\backend\config\settings.py changed, reloading.
INFO 2026-01-17 18:46:06,784 autoreload 3240 19296 Watching for file changes with StatReloader
INFO 2026-01-17 18:47:30,439 autoreload 21964 22188 Watching for file changes with StatReloader
INFO 2026-01-17 18:48:15,027 basehttp 21964 17532 "GET /api/docs/ HTTP/1.1" 200 4644
INFO 2026-01-17 18:48:24,525 basehttp 21964 17532 "GET /api/schema/ HTTP/1.1" 200 476394
INFO 2026-01-17 18:52:06,604 basehttp 21964 17532 "GET /api/academic-years/ HTTP/1.1" 200 184
INFO 2026-01-17 21:03:46,073 autoreload 28536 9088 Watching for file changes with StatReloader
WARNING 2026-01-17 21:05:38,157 basehttp 28536 3796 "GET / HTTP/1.1" 404 3918
WARNING 2026-01-17 21:05:38,415 basehttp 28536 3796 "GET /favicon.ico HTTP/1.1" 404 3969
INFO 2026-01-17 21:24:39,532 autoreload 28536 9088 F:\Scholl Management\backend\config\urls.py changed, reloading.
INFO 2026-01-17 21:24:42,706 autoreload 10052 1604 Watching for file changes with StatReloader
INFO 2026-01-17 21:29:01,558 autoreload 10052 1604 F:\Scholl Management\backend\apps\core\views.py changed, reloading.
INFO 2026-01-17 21:29:03,562 autoreload 25480 21944 Watching for file changes with StatReloader
INFO 2026-01-17 21:29:10,449 autoreload 25480 21944 F:\Scholl Management\backend\apps\core\views.py changed, reloading.
INFO 2026-01-17 21:29:12,506 autoreload 12888 25288 Watching for file changes with StatReloader
WARNING 2026-01-17 21:29:26,081 basehttp 12888 21676 "GET /api/dashboard/ HTTP/1.1" 401 58
WARNING 2026-01-17 21:31:46,498 basehttp 12888 24976 "GET /api/students/ HTTP/1.1" 401 58
WARNING 2026-01-17 21:31:48,782 basehttp 12888 24976 "GET /api/dashboard/ HTTP/1.1" 401 58
WARNING 2026-01-17 21:32:33,620 basehttp 12888 3892 "GET /api/dashboard/ HTTP/1.1" 401 58
INFO 2026-01-17 21:51:31,406 basehttp 12888 7304 "POST /api/auth/login/ HTTP/1.1" 200 50
INFO 2026-01-17 21:55:22,900 basehttp 12888 22424 "POST /api/auth/login/ HTTP/1.1" 200 50
INFO 2026-01-17 22:01:05,352 autoreload 12888 25288 F:\Scholl Management\backend\config\settings.py changed, reloading.
INFO 2026-01-17 22:01:07,412 autoreload 27984 19856 Watching for file changes with StatReloader
INFO 2026-01-17 22:02:47,833 autoreload 20596 7856 Watching for file changes with StatReloader
INFO 2026-01-17 22:06:35,551 basehttp 20596 17916 "POST /api/auth/login/ HTTP/1.1" 200 353
ERROR 2026-01-17 22:06:49,438 basehttp 20596 9740 "GET /api/dashboard/ HTTP/1.1" 500 158257
ERROR 2026-01-17 22:08:58,055 basehttp 20596 11904 "GET /api/dashboard/ HTTP/1.1" 500 157813
INFO 2026-01-17 22:08:58,063 basehttp 20596 11904 - Broken pipe from ('127.0.0.1', 65476)
INFO 2026-01-17 22:10:05,200 autoreload 20596 7856 F:\Scholl Management\backend\apps\core\views.py changed, reloading.
INFO 2026-01-17 22:10:07,271 autoreload 8244 3496 Watching for file changes with StatReloader
INFO 2026-01-17 22:10:13,363 autoreload 8244 3496 F:\Scholl Management\backend\apps\core\views.py changed, reloading.
INFO 2026-01-17 22:10:15,599 autoreload 12928 14988 Watching for file changes with StatReloader
INFO 2026-01-17 22:10:25,254 autoreload 12928 14988 F:\Scholl Management\backend\apps\core\views.py changed, reloading.
INFO 2026-01-17 22:10:27,369 autoreload 10580 24352 Watching for file changes with StatReloader
INFO 2026-01-17 22:10:33,439 autoreload 10580 24352 F:\Scholl Management\backend\apps\core\views.py changed, reloading.
INFO 2026-01-17 22:10:35,781 autoreload 22384 16092 Watching for file changes with StatReloader
ERROR 2026-01-17 22:11:07,888 basehttp 22384 13976 "GET /api/dashboard/ HTTP/1.1" 500 158801
ERROR 2026-01-17 22:12:02,676 basehttp 22384 13084 "GET /api/dashboard/ HTTP/1.1" 500 158357
INFO 2026-01-17 22:12:02,679 basehttp 22384 13084 - Broken pipe from ('127.0.0.1', 50814)
INFO 2026-01-17 22:12:36,709 autoreload 22384 16092 F:\Scholl Management\backend\apps\core\views.py changed, reloading.
INFO 2026-01-17 22:12:38,981 autoreload 21980 5592 Watching for file changes with StatReloader
INFO 2026-01-17 22:12:52,670 autoreload 21980 5592 F:\Scholl Management\backend\apps\core\views.py changed, reloading.
INFO 2026-01-17 22:12:54,743 autoreload 25504 15924 Watching for file changes with StatReloader
INFO 2026-01-17 22:13:43,340 autoreload 25504 15924 F:\Scholl Management\backend\apps\core\views.py changed, reloading.
INFO 2026-01-17 22:13:45,501 autoreload 13712 5792 Watching for file changes with StatReloader
ERROR 2026-01-17 22:17:29,943 basehttp 13712 13892 "GET /api/dashboard/ HTTP/1.1" 500 157633
ERROR 2026-01-17 22:19:34,921 basehttp 13712 18540 "GET /api/dashboard/ HTTP/1.1" 500 157875
INFO 2026-01-17 22:21:56,272 autoreload 13712 5792 F:\Scholl Management\backend\apps\core\views.py changed, reloading.
INFO 2026-01-17 22:21:58,934 autoreload 17140 20596 Watching for file changes with StatReloader
INFO 2026-01-17 22:22:44,206 basehttp 17140 25872 "GET /api/dashboard/ HTTP/1.1" 200 515
INFO 2026-01-17 22:23:30,545 basehttp 17140 19352 "GET /api/dashboard/ HTTP/1.1" 200 515
INFO 2026-01-17 22:26:51,640 basehttp 17140 7868 "GET /api/dashboard/ HTTP/1.1" 200 515
INFO 2026-01-17 22:27:34,664 basehttp 17140 20976 "GET /api/dashboard/ HTTP/1.1" 200 515
INFO 2026-01-17 22:29:20,121 basehttp 17140 23888 "GET /api/students/ HTTP/1.1" 200 52
INFO 2026-01-17 22:30:27,613 basehttp 17140 13288 "GET /api/dashboard/ HTTP/1.1" 200 515
INFO 2026-01-17 22:31:52,145 basehttp 17140 3344 "GET /api/dashboard/ HTTP/1.1" 200 515
INFO 2026-01-17 22:36:16,556 autoreload 17140 20596 F:\Scholl Management\backend\apps\attendance\views.py changed, reloading.
INFO 2026-01-17 22:36:18,739 autoreload 28176 2184 Watching for file changes with StatReloader
INFO 2026-01-17 22:36:29,110 autoreload 28176 2184 F:\Scholl Management\backend\apps\attendance\views.py changed, reloading.
INFO 2026-01-17 22:36:31,165 autoreload 4460 21660 Watching for file changes with StatReloader
INFO 2026-01-17 22:36:44,946 autoreload 4460 21660 F:\Scholl Management\backend\apps\attendance\views.py changed, reloading.
INFO 2026-01-17 22:36:48,025 autoreload 14172 19516 Watching for file changes with StatReloader
INFO 2026-01-17 22:37:01,937 autoreload 14172 19516 F:\Scholl Management\backend\apps\attendance\views.py changed, reloading.
INFO 2026-01-17 22:37:04,190 autoreload 24160 16160 Watching for file changes with StatReloader
INFO 2026-01-17 22:37:15,403 autoreload 24160 16160 F:\Scholl Management\backend\apps\attendance\views.py changed, reloading.
INFO 2026-01-17 22:37:17,556 autoreload 20016 5968 Watching for file changes with StatReloader
INFO 2026-01-17 22:37:23,100 autoreload 20016 5968 F:\Scholl Management\backend\apps\attendance\views.py changed, reloading.
INFO 2026-01-17 22:37:25,119 autoreload 452 23708 Watching for file changes with StatReloader
INFO 2026-01-17 22:37:41,095 autoreload 452 23708 F:\Scholl Management\backend\apps\attendance\views.py changed, reloading.
INFO 2026-01-17 22:37:43,311 autoreload 16160 24160 Watching for file changes with StatReloader
INFO 2026-01-17 22:37:51,369 autoreload 16160 24160 F:\Scholl Management\backend\apps\attendance\views.py changed, reloading.
INFO 2026-01-17 22:37:53,856 autoreload 27968 9740 Watching for file changes with StatReloader
INFO 2026-01-17 22:38:23,221 basehttp 27968 28484 "GET /api/students/ HTTP/1.1" 200 52
INFO 2026-01-17 22:38:25,902 basehttp 27968 10692 "GET /api/dashboard/ HTTP/1.1" 200 515
INFO 2026-01-17 22:38:47,057 autoreload 19804 24452 Watching for file changes with StatReloader
INFO 2026-01-17 22:39:11,382 basehttp 27968 27152 "GET /api/dashboard/ HTTP/1.1" 200 515
INFO 2026-01-17 22:53:26,917 basehttp 27968 15052 "OPTIONS /api/attendance/stats?date=2026-01-17T16:53:26.302Z HTTP/1.1" 200 0
INFO 2026-01-17 22:53:27,130 basehttp 27968 896 "OPTIONS /api/sections HTTP/1.1" 200 0
INFO 2026-01-17 22:53:27,199 basehttp 27968 15052 "GET /api/attendance/stats?date=2026-01-17T16:53:26.302Z HTTP/1.1" 301 0
INFO 2026-01-17 22:53:27,326 basehttp 27968 20000 "OPTIONS /api/attendance?date=2026-01-17T16%3A53%3A26.302Z&search= HTTP/1.1" 200 0
INFO 2026-01-17 22:53:27,499 basehttp 27968 27824 "OPTIONS /api/grades HTTP/1.1" 200 0
INFO 2026-01-17 22:53:27,615 basehttp 27968 20000 "GET /api/attendance?date=2026-01-17T16%3A53%3A26.302Z&search= HTTP/1.1" 301 0
INFO 2026-01-17 22:53:27,684 basehttp 27968 896 "GET /api/sections HTTP/1.1" 301 0
INFO 2026-01-17 22:53:27,822 basehttp 27968 27824 "GET /api/grades HTTP/1.1" 301 0
INFO 2026-01-17 22:56:23,541 basehttp 27968 13360 "OPTIONS /api/attendance?date=2026-01-17T16%3A56%3A22.429Z&search= HTTP/1.1" 200 0
INFO 2026-01-17 22:56:23,667 basehttp 27968 3880 "OPTIONS /api/attendance/stats?date=2026-01-17T16:56:22.429Z HTTP/1.1" 200 0
INFO 2026-01-17 22:56:23,888 basehttp 27968 21660 "OPTIONS /api/grades/ HTTP/1.1" 200 0
WARNING 2026-01-17 22:56:24,006 basehttp 27968 21660 "GET /api/grades/ HTTP/1.1" 401 58
INFO 2026-01-17 22:56:24,073 basehttp 27968 3880 "GET /api/attendance/stats?date=2026-01-17T16:56:22.429Z HTTP/1.1" 301 0
INFO 2026-01-17 22:56:24,211 basehttp 27968 10032 "OPTIONS /api/sections/ HTTP/1.1" 200 0
INFO 2026-01-17 22:56:24,280 basehttp 27968 13360 "GET /api/attendance?date=2026-01-17T16%3A56%3A22.429Z&search= HTTP/1.1" 301 0
INFO 2026-01-17 22:56:24,419 basehttp 27968 21660 "OPTIONS /api/attendance/stats/?date=2026-01-17T16:56:22.429Z HTTP/1.1" 200 0
INFO 2026-01-17 22:56:24,581 basehttp 27968 25152 "OPTIONS /api/attendance/?date=2026-01-17T16%3A56%3A22.429Z&search= HTTP/1.1" 200 0
WARNING 2026-01-17 22:56:24,650 basehttp 27968 21660 "GET /api/attendance/stats/?date=2026-01-17T16:56:22.429Z HTTP/1.1" 401 58
WARNING 2026-01-17 22:56:24,754 basehttp 27968 25152 "GET /api/attendance/?date=2026-01-17T16%3A56%3A22.429Z&search= HTTP/1.1" 401 58
WARNING 2026-01-17 22:56:24,970 basehttp 27968 10032 "GET /api/sections/ HTTP/1.1" 401 58
WARNING 2026-01-17 22:56:25,141 basehttp 27968 10032 "GET /api/grades/ HTTP/1.1" 401 58
WARNING 2026-01-17 22:56:25,805 basehttp 27968 10032 "GET /api/attendance/stats/?date=2026-01-17T16:56:22.429Z HTTP/1.1" 401 58
WARNING 2026-01-17 22:56:25,942 basehttp 27968 25152 "GET /api/attendance/?date=2026-01-17T16%3A56%3A22.429Z&search= HTTP/1.1" 401 58
WARNING 2026-01-17 22:56:26,157 basehttp 27968 25152 "GET /api/sections/ HTTP/1.1" 401 58
INFO 2026-01-17 22:56:38,994 basehttp 27968 13256 "GET /api/students/ HTTP/1.1" 200 52
INFO 2026-01-17 22:56:40,747 basehttp 27968 23708 "GET /api/dashboard/ HTTP/1.1" 200 515
INFO 2026-01-17 22:59:53,062 basehttp 27968 25152 "OPTIONS /api/attendance?date=2026-01-17T16%3A59%3A52.736Z&search= HTTP/1.1" 200 0
INFO 2026-01-17 22:59:53,212 basehttp 27968 10032 "OPTIONS /api/attendance/stats?date=2026-01-17T16:59:52.736Z HTTP/1.1" 200 0
WARNING 2026-01-17 22:59:53,430 basehttp 27968 21660 "GET /api/grades/ HTTP/1.1" 401 58
WARNING 2026-01-17 22:59:53,557 basehttp 27968 25152 "GET /api/sections/ HTTP/1.1" 401 58
INFO 2026-01-17 22:59:53,753 basehttp 27968 10032 "GET /api/attendance?date=2026-01-17T16%3A59%3A52.736Z&search= HTTP/1.1" 301 0
INFO 2026-01-17 22:59:53,981 basehttp 27968 25152 "OPTIONS /api/attendance/?date=2026-01-17T16%3A59%3A52.736Z&search= HTTP/1.1" 200 0
INFO 2026-01-17 22:59:54,050 basehttp 27968 28444 "GET /api/attendance/stats?date=2026-01-17T16:59:52.736Z HTTP/1.1" 301 0
WARNING 2026-01-17 22:59:54,211 basehttp 27968 25152 "GET /api/attendance/?date=2026-01-17T16%3A59%3A52.736Z&search= HTTP/1.1" 401 58
INFO 2026-01-17 22:59:54,327 basehttp 27968 21660 "OPTIONS /api/attendance/stats/?date=2026-01-17T16:59:52.736Z HTTP/1.1" 200 0
WARNING 2026-01-17 22:59:54,444 basehttp 27968 21660 "GET /api/attendance/stats/?date=2026-01-17T16:59:52.736Z HTTP/1.1" 401 58
WARNING 2026-01-17 22:59:54,559 basehttp 27968 25152 "GET /api/grades/ HTTP/1.1" 401 58
WARNING 2026-01-17 22:59:54,685 basehttp 27968 25152 "GET /api/sections/ HTTP/1.1" 401 58
WARNING 2026-01-17 22:59:55,343 basehttp 27968 25152 "GET /api/attendance/?date=2026-01-17T16%3A59%3A52.736Z&search= HTTP/1.1" 401 58
WARNING 2026-01-17 22:59:55,580 basehttp 27968 25152 "GET /api/attendance/stats/?date=2026-01-17T16:59:52.736Z HTTP/1.1" 401 58
INFO 2026-01-17 23:13:39,153 autoreload 27968 9740 F:\Scholl Management\backend\apps\attendance\views.py changed, reloading.
INFO 2026-01-17 23:13:39,988 autoreload 19804 24452 F:\Scholl Management\backend\apps\attendance\views.py changed, reloading.
INFO 2026-01-17 23:13:41,762 autoreload 20268 24840 Watching for file changes with StatReloader
INFO 2026-01-17 23:13:42,599 autoreload 24608 12072 Watching for file changes with StatReloader
INFO 2026-01-17 23:14:18,987 autoreload 20268 24840 F:\Scholl Management\backend\apps\attendance\views.py changed, reloading.
INFO 2026-01-17 23:14:19,754 autoreload 24608 12072 F:\Scholl Management\backend\apps\attendance\views.py changed, reloading.
INFO 2026-01-17 23:14:21,367 autoreload 9660 13612 Watching for file changes with StatReloader
INFO 2026-01-17 23:14:22,294 autoreload 14924 7860 Watching for file changes with StatReloader
INFO 2026-01-17 23:16:18,486 basehttp 9660 6116 "POST /api/auth/login/ HTTP/1.1" 200 351
INFO 2026-01-17 23:16:30,791 basehttp 9660 6116 "GET /api/dashboard/ HTTP/1.1" 200 515
INFO 2026-01-17 23:16:34,176 basehttp 9660 17952 "OPTIONS /api/attendance?date=2026-01-17T17%3A16%3A33.539Z&search= HTTP/1.1" 200 0
INFO 2026-01-17 23:16:34,291 basehttp 9660 10320 "OPTIONS /api/attendance/stats?date=2026-01-17T17:16:33.539Z HTTP/1.1" 200 0
INFO 2026-01-17 23:16:34,519 basehttp 9660 17952 "GET /api/attendance?date=2026-01-17T17%3A16%3A33.539Z&search= HTTP/1.1" 301 0
INFO 2026-01-17 23:16:34,601 basehttp 9660 10320 "GET /api/attendance/stats?date=2026-01-17T17:16:33.539Z HTTP/1.1" 301 0
INFO 2026-01-17 23:16:34,739 basehttp 9660 2112 "OPTIONS /api/attendance/?date=2026-01-17T17%3A16%3A33.539Z&search= HTTP/1.1" 200 0
INFO 2026-01-17 23:16:34,888 basehttp 9660 2112 "OPTIONS /api/attendance/stats/?date=2026-01-17T17:16:33.539Z HTTP/1.1" 200 0
WARNING 2026-01-17 23:16:35,197 basehttp 9660 11216 "GET /api/sections/ HTTP/1.1" 401 58
WARNING 2026-01-17 23:16:35,311 basehttp 9660 2112 "GET /api/attendance/?date=2026-01-17T17%3A16%3A33.539Z&search= HTTP/1.1" 401 58
WARNING 2026-01-17 23:16:35,379 basehttp 9660 24608 "GET /api/attendance/stats/?date=2026-01-17T17:16:33.539Z HTTP/1.1" 401 58
WARNING 2026-01-17 23:16:35,506 basehttp 9660 8528 "GET /api/grades/ HTTP/1.1" 401 58
WARNING 2026-01-17 23:16:36,345 basehttp 9660 8528 "GET /api/sections/ HTTP/1.1" 401 58
WARNING 2026-01-17 23:16:36,483 basehttp 9660 24608 "GET /api/attendance/?date=2026-01-17T17%3A16%3A33.539Z&search= HTTP/1.1" 401 58
WARNING 2026-01-17 23:16:36,610 basehttp 9660 8528 "GET /api/attendance/stats/?date=2026-01-17T17:16:33.539Z HTTP/1.1" 401 58
WARNING 2026-01-17 23:16:36,748 basehttp 9660 24608 "GET /api/grades/ HTTP/1.1" 401 58
INFO 2026-01-17 23:16:42,768 basehttp 9660 24608 "OPTIONS /api/attendance?date=2026-01-17T17%3A16%3A42.437Z&search= HTTP/1.1" 200 0
INFO 2026-01-17 23:16:42,895 basehttp 9660 8528 "OPTIONS /api/attendance/stats?date=2026-01-17T17:16:42.437Z HTTP/1.1" 200 0
WARNING 2026-01-17 23:16:43,045 basehttp 9660 2112 "GET /api/grades/ HTTP/1.1" 401 58
WARNING 2026-01-17 23:16:43,266 basehttp 9660 11216 "GET /api/sections/ HTTP/1.1" 401 58
INFO 2026-01-17 23:16:43,346 basehttp 9660 24608 "GET /api/attendance?date=2026-01-17T17%3A16%3A42.437Z&search= HTTP/1.1" 301 0
INFO 2026-01-17 23:16:43,473 basehttp 9660 11216 "OPTIONS /api/attendance/?date=2026-01-17T17%3A16%3A42.437Z&search= HTTP/1.1" 200 0
WARNING 2026-01-17 23:16:43,600 basehttp 9660 11216 "GET /api/attendance/?date=2026-01-17T17%3A16%3A42.437Z&search= HTTP/1.1" 401 58
INFO 2026-01-17 23:16:43,712 basehttp 9660 8528 "GET /api/attendance/stats?date=2026-01-17T17:16:42.437Z HTTP/1.1" 301 0
INFO 2026-01-17 23:16:43,841 basehttp 9660 11216 "OPTIONS /api/attendance/stats/?date=2026-01-17T17:16:42.437Z HTTP/1.1" 200 0
WARNING 2026-01-17 23:16:43,967 basehttp 9660 11216 "GET /api/attendance/stats/?date=2026-01-17T17:16:42.437Z HTTP/1.1" 401 58
WARNING 2026-01-17 23:16:44,193 basehttp 9660 11216 "GET /api/grades/ HTTP/1.1" 401 58
WARNING 2026-01-17 23:16:44,397 basehttp 9660 11216 "GET /api/sections/ HTTP/1.1" 401 58
WARNING 2026-01-17 23:16:44,746 basehttp 9660 11216 "GET /api/attendance/?date=2026-01-17T17%3A16%3A42.437Z&search= HTTP/1.1" 401 58
WARNING 2026-01-17 23:16:45,094 basehttp 9660 11216 "GET /api/attendance/stats/?date=2026-01-17T17:16:42.437Z HTTP/1.1" 401 58
WARNING 2026-01-17 23:18:47,653 basehttp 9660 21972 "GET /api/students/grades/ HTTP/1.1" 404 23
INFO 2026-01-17 23:18:53,322 basehttp 9660 20408 "GET /api/students/ HTTP/1.1" 200 52
INFO 2026-01-17 23:18:58,905 basehttp 9660 21972 "GET /api/dashboard/ HTTP/1.1" 200 515
INFO 2026-01-17 23:19:07,089 basehttp 9660 11216 "OPTIONS /api/students HTTP/1.1" 200 0
INFO 2026-01-17 23:19:07,271 basehttp 9660 11216 "GET /api/students HTTP/1.1" 301 0
INFO 2026-01-17 23:19:07,409 basehttp 9660 2112 "OPTIONS /api/students/ HTTP/1.1" 200 0
WARNING 2026-01-17 23:19:07,563 basehttp 9660 2112 "GET /api/students/ HTTP/1.1" 401 58
WARNING 2026-01-17 23:19:08,712 basehttp 9660 2112 "GET /api/students/ HTTP/1.1" 401 58
INFO 2026-01-17 23:23:35,699 basehttp 9660 3824 "GET /api/dashboard/ HTTP/1.1" 200 515
WARNING 2026-01-17 23:36:19,751 basehttp 9660 16764 "POST /api/auth/login/ HTTP/1.1" 400 68
INFO 2026-01-17 23:40:32,386 basehttp 9660 22908 "POST /api/auth/login/ HTTP/1.1" 200 350
WARNING 2026-01-17 23:40:37,418 basehttp 9660 17184 "GET /api/dashboard/ HTTP/1.1" 401 58
WARNING 2026-01-17 23:40:41,626 basehttp 9660 17184 "GET /api/dashboard/ HTTP/1.1" 401 58
WARNING 2026-01-17 23:40:48,239 basehttp 9660 5920 "GET /api/students/ HTTP/1.1" 401 58
WARNING 2026-01-17 23:40:49,570 basehttp 9660 5920 "GET /api/students/ HTTP/1.1" 401 58
INFO 2026-01-17 23:48:35,031 basehttp 9660 15996 "GET /api/dashboard/ HTTP/1.1" 200 515
INFO 2026-01-17 23:49:07,954 basehttp 9660 14160 "GET /api/attendance/by_date/?date=2026-01-17 HTTP/1.1" 200 2
WARNING 2026-01-17 23:49:11,721 basehttp 9660 27072 "GET /api/students/grades/ HTTP/1.1" 404 23
WARNING 2026-01-17 23:49:11,789 basehttp 9660 23148 "GET /api/attendance/stats/?date=2026-01-17T17%3A48%3A59.138Z HTTP/1.1" 400 47
WARNING 2026-01-17 23:49:11,870 basehttp 9660 17648 "GET /api/students/grades/ HTTP/1.1" 404 23
WARNING 2026-01-17 23:49:21,605 basehttp 9660 21452 "GET /api/students/grades/ HTTP/1.1" 404 23
WARNING 2026-01-17 23:49:21,685 basehttp 9660 17648 "GET /api/students/grades/ HTTP/1.1" 404 23
WARNING 2026-01-17 23:49:21,776 basehttp 9660 23148 "GET /api/attendance/stats/?date=2026-01-17T17%3A48%3A59.138Z HTTP/1.1" 400 47
INFO 2026-01-18 00:01:30,232 basehttp 9660 18684 "GET /api/dashboard/ HTTP/1.1" 200 515
INFO 2026-01-18 00:09:46,800 autoreload 14924 7860 F:\Scholl Management\backend\config\settings.py changed, reloading.
INFO 2026-01-18 00:09:47,367 autoreload 9660 13612 F:\Scholl Management\backend\config\settings.py changed, reloading.
INFO 2026-01-18 00:09:49,759 autoreload 16256 17300 Watching for file changes with StatReloader
INFO 2026-01-18 00:09:50,353 autoreload 17452 1596 Watching for file changes with StatReloader
INFO 2026-01-18 00:10:03,285 autoreload 28220 19692 Watching for file changes with StatReloader
INFO 2026-01-18 00:27:52,639 autoreload 1408 6996 Watching for file changes with StatReloader
INFO 2026-01-18 00:40:24,525 basehttp 1408 24032 "GET /api/dashboard/ HTTP/1.1" 200 1338
INFO 2026-01-18 00:43:46,696 basehttp 1408 21876 "POST /api/auth/login/ HTTP/1.1" 200 360
INFO 2026-01-18 00:44:02,212 basehttp 1408 7576 "GET /api/dashboard/ HTTP/1.1" 200 1338
INFO 2026-01-18 00:49:20,654 autoreload 1408 6996 F:\Scholl Management\backend\apps\attendance\views.py changed, reloading.
INFO 2026-01-18 00:49:24,643 autoreload 26104 5076 Watching for file changes with StatReloader
INFO 2026-01-18 00:51:51,317 autoreload 26104 5076 F:\Scholl Management\backend\apps\core\views.py changed, reloading.
INFO 2026-01-18 00:51:53,494 autoreload 26956 17976 Watching for file changes with StatReloader
INFO 2026-01-18 00:51:58,546 autoreload 26956 17976 F:\Scholl Management\backend\apps\core\views.py changed, reloading.
INFO 2026-01-18 00:52:00,783 autoreload 8580 14624 Watching for file changes with StatReloader
INFO 2026-01-18 00:52:33,742 autoreload 8580 14624 F:\Scholl Management\backend\apps\students\views.py changed, reloading.
INFO 2026-01-18 00:52:36,314 autoreload 876 5516 Watching for file changes with StatReloader
INFO 2026-01-18 00:52:50,022 autoreload 876 5516 F:\Scholl Management\backend\apps\students\views.py changed, reloading.
INFO 2026-01-18 00:52:52,478 autoreload 20928 26528 Watching for file changes with StatReloader
INFO 2026-01-18 00:53:07,752 autoreload 20928 26528 F:\Scholl Management\backend\apps\staff\views.py changed, reloading.
INFO 2026-01-18 00:53:10,658 autoreload 5580 24896 Watching for file changes with StatReloader
INFO 2026-01-18 00:53:21,025 autoreload 5580 24896 F:\Scholl Management\backend\apps\attendance\views.py changed, reloading.
INFO 2026-01-18 00:53:23,375 autoreload 6020 22268 Watching for file changes with StatReloader
INFO 2026-01-18 00:53:37,406 autoreload 6020 22268 F:\Scholl Management\backend\apps\users\views.py changed, reloading.
INFO 2026-01-18 00:53:39,754 autoreload 7940 20400 Watching for file changes with StatReloader
INFO 2026-01-18 00:54:11,301 autoreload 7940 20400 F:\Scholl Management\backend\apps\messaging\views.py changed, reloading.
INFO 2026-01-18 00:54:13,749 autoreload 8348 23588 Watching for file changes with StatReloader
INFO 2026-01-18 00:54:35,654 autoreload 8348 23588 F:\Scholl Management\backend\apps\transport\views.py changed, reloading.
INFO 2026-01-18 00:54:38,074 autoreload 5668 24856 Watching for file changes with StatReloader
INFO 2026-01-18 00:55:11,438 autoreload 5668 24856 F:\Scholl Management\backend\apps\inventory\views.py changed, reloading.
INFO 2026-01-18 00:55:14,010 autoreload 10724 22056 Watching for file changes with StatReloader
INFO 2026-01-18 00:55:32,928 autoreload 10724 22056 F:\Scholl Management\backend\apps\curriculum\views.py changed, reloading.
INFO 2026-01-18 00:55:35,921 autoreload 10888 4840 Watching for file changes with StatReloader
INFO 2026-01-18 00:55:57,056 autoreload 10888 4840 F:\Scholl Management\backend\apps\exams\views.py changed, reloading.
INFO 2026-01-18 00:55:59,643 autoreload 17008 8112 Watching for file changes with StatReloader
INFO 2026-01-18 00:57:18,934 autoreload 17008 8112 F:\Scholl Management\backend\apps\attendance\views.py changed, reloading.
INFO 2026-01-18 00:57:21,167 autoreload 13316 12972 Watching for file changes with StatReloader
INFO 2026-01-18 00:58:01,378 autoreload 13316 12972 F:\Scholl Management\backend\apps\users\views.py changed, reloading.
INFO 2026-01-18 00:58:04,261 autoreload 6608 10964 Watching for file changes with StatReloader
INFO 2026-01-18 00:59:18,080 autoreload 6608 10964 F:\Scholl Management\backend\apps\curriculum\views.py changed, reloading.
INFO 2026-01-18 00:59:20,378 autoreload 21744 28444 Watching for file changes with StatReloader
INFO 2026-01-18 00:59:43,839 autoreload 21744 28444 F:\Scholl Management\backend\apps\library\views.py changed, reloading.
INFO 2026-01-18 00:59:46,479 autoreload 14316 14180 Watching for file changes with StatReloader
INFO 2026-01-18 01:00:06,485 autoreload 14316 14180 F:\Scholl Management\backend\apps\inventory\views.py changed, reloading.
INFO 2026-01-18 01:00:08,961 autoreload 9160 2488 Watching for file changes with StatReloader
INFO 2026-01-18 01:00:15,576 autoreload 9160 2488 F:\Scholl Management\backend\apps\transport\views.py changed, reloading.
INFO 2026-01-18 01:00:17,867 autoreload 24196 20440 Watching for file changes with StatReloader
INFO 2026-01-18 01:00:36,296 autoreload 24196 20440 F:\Scholl Management\backend\apps\hostel\views.py changed, reloading.
INFO 2026-01-18 01:00:38,500 autoreload 16328 13468 Watching for file changes with StatReloader
INFO 2026-01-18 01:00:50,939 autoreload 16328 13468 F:\Scholl Management\backend\apps\messaging\views.py changed, reloading.
INFO 2026-01-18 01:00:53,197 autoreload 3824 25692 Watching for file changes with StatReloader
INFO 2026-01-18 01:01:09,643 autoreload 3824 25692 F:\Scholl Management\backend\apps\behavior\views.py changed, reloading.
INFO 2026-01-18 01:01:11,729 autoreload 21208 8480 Watching for file changes with StatReloader
WARNING 2026-01-18 01:03:31,503 basehttp 21208 15128 "GET /api/dashboard/ HTTP/1.1" 401 58
INFO 2026-01-18 01:05:03,811 autoreload 21208 8480 F:\Scholl Management\backend\config\settings.py changed, reloading.
INFO 2026-01-18 01:05:06,267 autoreload 15052 12480 Watching for file changes with StatReloader
INFO 2026-01-18 01:05:48,101 basehttp 15052 19856 "GET /api/dashboard/ HTTP/1.1" 200 1338
INFO 2026-01-18 01:06:32,920 basehttp 15052 24972 "GET /api/dashboard/ HTTP/1.1" 200 1338
INFO 2026-01-18 02:15:13,414 autoreload 17032 17236 Watching for file changes with StatReloader
WARNING 2026-01-18 02:16:42,465 basehttp 17032 15588 "GET /api/grades/ HTTP/1.1" 401 58
WARNING 2026-01-18 02:17:11,088 basehttp 17032 19784 "GET /api/grades/ HTTP/1.1" 401 58
INFO 2026-01-18 02:17:12,522 basehttp 17032 11556 "GET /api/ HTTP/1.1" 200 5291
INFO 2026-01-18 02:17:12,961 basehttp 17032 24684 "GET /static/rest_framework/css/prettify.css HTTP/1.1" 200 817
INFO 2026-01-18 02:17:12,974 basehttp 17032 5860 "GET /static/rest_framework/css/default.css HTTP/1.1" 200 1152
INFO 2026-01-18 02:17:13,009 basehttp 17032 24684 "GET /static/rest_framework/js/csrf.js HTTP/1.1" 200 1719
INFO 2026-01-18 02:17:13,017 basehttp 17032 27828 "GET /static/rest_framework/js/ajax-form.js HTTP/1.1" 200 3597
INFO 2026-01-18 02:17:13,033 basehttp 17032 21660 "GET /static/rest_framework/css/bootstrap-tweaks.css HTTP/1.1" 200 3385
INFO 2026-01-18 02:17:13,041 basehttp 17032 11556 "GET /static/rest_framework/css/bootstrap.min.css HTTP/1.1" 200 121457
INFO 2026-01-18 02:17:13,061 basehttp 17032 27828 "GET /static/rest_framework/js/default.js HTTP/1.1" 200 1268
INFO 2026-01-18 02:17:13,077 basehttp 17032 5860 "GET /static/rest_framework/js/bootstrap.min.js HTTP/1.1" 200 39680
INFO 2026-01-18 02:17:13,078 basehttp 17032 11556 "GET /static/rest_framework/img/grid.png HTTP/1.1" 200 1458
INFO 2026-01-18 02:17:13,084 basehttp 17032 2256 "GET /static/rest_framework/js/jquery-3.5.1.min.js HTTP/1.1" 200 89476
INFO 2026-01-18 02:17:13,089 basehttp 17032 24684 "GET /static/rest_framework/js/prettify-min.js HTTP/1.1" 200 13632
WARNING 2026-01-18 02:17:13,319 basehttp 17032 19784 "GET /students/ HTTP/1.1" 404 4233
WARNING 2026-01-18 02:17:13,468 basehttp 17032 24684 "GET /favicon.ico HTTP/1.1" 404 4239
WARNING 2026-01-18 02:17:54,650 basehttp 17032 27820 "GET /dashboard/ HTTP/1.1" 404 4236
WARNING 2026-01-18 02:18:41,203 basehttp 17032 13404 "GET /dashboard/ HTTP/1.1" 404 4236
INFO 2026-01-18 02:26:01,484 basehttp 17032 21592 "GET /api/dashboard/ HTTP/1.1" 200 455
INFO 2026-01-18 02:30:32,289 basehttp 17032 8444 "GET /api/dashboard/ HTTP/1.1" 200 455
INFO 2026-01-18 02:31:25,626 basehttp 17032 21964 "GET /api/students/ HTTP/1.1" 200 52
WARNING 2026-01-18 02:32:03,511 basehttp 17032 15148 "POST /api/auth/login/ HTTP/1.1" 400 68
WARNING 2026-01-18 02:36:36,198 basehttp 17032 9660 "POST /api/auth/login/ HTTP/1.1" 400 68
INFO 2026-01-18 02:37:12,461 autoreload 3520 15288 Watching for file changes with StatReloader
WARNING 2026-01-18 02:38:13,422 basehttp 17032 28484 "POST /api/auth/login/ HTTP/1.1" 400 68
INFO 2026-01-18 02:39:05,897 basehttp 17032 17660 "POST /api/auth/login/ HTTP/1.1" 200 372
WARNING 2026-01-18 02:39:29,276 basehttp 17032 18120 "POST /api/auth/login/ HTTP/1.1" 400 68
INFO 2026-01-18 02:44:40,183 basehttp 17032 13256 "GET /api/dashboard/ HTTP/1.1" 200 455
INFO 2026-01-18 02:46:48,547 basehttp 17032 22548 "GET /api/students/ HTTP/1.1" 200 52
INFO 2026-01-18 02:46:51,914 basehttp 17032 18048 "GET /api/dashboard/ HTTP/1.1" 200 455
INFO 2026-01-18 02:47:58,536 basehttp 17032 9316 "GET /api/dashboard/ HTTP/1.1" 200 455
INFO 2026-01-18 02:51:55,722 autoreload 3520 15288 F:\Scholl Management\backend\apps\students\views.py changed, reloading.
INFO 2026-01-18 02:51:56,670 autoreload 17032 17236 F:\Scholl Management\backend\apps\students\views.py changed, reloading.
INFO 2026-01-18 02:51:58,396 autoreload 2612 6996 Watching for file changes with StatReloader
INFO 2026-01-18 02:52:00,190 autoreload 23588 18240 Watching for file changes with StatReloader
INFO 2026-01-18 02:52:04,493 autoreload 23588 18240 F:\Scholl Management\backend\apps\students\views.py changed, reloading.
INFO 2026-01-18 02:52:04,658 autoreload 2612 6996 F:\Scholl Management\backend\apps\students\views.py changed, reloading.
INFO 2026-01-18 02:52:07,052 autoreload 4772 11476 Watching for file changes with StatReloader
INFO 2026-01-18 02:52:07,417 autoreload 22072 14804 Watching for file changes with StatReloader
INFO 2026-01-18 02:52:12,116 autoreload 4772 11476 F:\Scholl Management\backend\apps\students\views.py changed, reloading.
INFO 2026-01-18 02:52:13,561 autoreload 22072 14804 F:\Scholl Management\backend\apps\students\views.py changed, reloading.
INFO 2026-01-18 02:52:14,563 autoreload 12612 21020 Watching for file changes with StatReloader
INFO 2026-01-18 02:52:16,092 autoreload 17280 20516 Watching for file changes with StatReloader
INFO 2026-01-18 02:52:27,520 autoreload 12612 21020 F:\Scholl Management\backend\apps\students\views.py changed, reloading.
INFO 2026-01-18 02:52:27,830 autoreload 17280 20516 F:\Scholl Management\backend\apps\students\views.py changed, reloading.
INFO 2026-01-18 02:52:30,572 autoreload 13164 18212 Watching for file changes with StatReloader
INFO 2026-01-18 02:52:31,051 autoreload 19892 14452 Watching for file changes with StatReloader
INFO 2026-01-18 02:52:45,825 autoreload 19892 14452 F:\Scholl Management\backend\apps\exams\views.py changed, reloading.
INFO 2026-01-18 02:52:46,032 autoreload 13164 18212 F:\Scholl Management\backend\apps\exams\views.py changed, reloading.
INFO 2026-01-18 02:52:48,728 autoreload 19488 2612 Watching for file changes with StatReloader
INFO 2026-01-18 02:52:48,756 autoreload 9756 25320 Watching for file changes with StatReloader
INFO 2026-01-18 02:52:57,527 autoreload 9756 25320 F:\Scholl Management\backend\apps\curriculum\views.py changed, reloading.
INFO 2026-01-18 02:52:58,431 autoreload 19488 2612 F:\Scholl Management\backend\apps\curriculum\views.py changed, reloading.
INFO 2026-01-18 02:53:01,112 autoreload 17640 10888 Watching for file changes with StatReloader
INFO 2026-01-18 02:53:01,576 autoreload 7316 19836 Watching for file changes with StatReloader
INFO 2026-01-18 02:53:10,458 autoreload 17640 10888 F:\Scholl Management\backend\apps\library\views.py changed, reloading.
INFO 2026-01-18 02:53:10,944 autoreload 7316 19836 F:\Scholl Management\backend\apps\library\views.py changed, reloading.
INFO 2026-01-18 02:53:14,080 autoreload 22780 5160 Watching for file changes with StatReloader
INFO 2026-01-18 02:53:14,175 autoreload 10584 22424 Watching for file changes with StatReloader
INFO 2026-01-18 02:53:24,243 autoreload 10584 22424 F:\Scholl Management\backend\apps\inventory\views.py changed, reloading.
INFO 2026-01-18 02:53:25,338 autoreload 22780 5160 F:\Scholl Management\backend\apps\inventory\views.py changed, reloading.
INFO 2026-01-18 02:53:26,855 autoreload 20216 11556 Watching for file changes with StatReloader
INFO 2026-01-18 02:53:28,174 autoreload 18548 26296 Watching for file changes with StatReloader
INFO 2026-01-18 02:53:45,791 autoreload 20216 11556 F:\Scholl Management\backend\apps\transport\views.py changed, reloading.
INFO 2026-01-18 02:53:46,233 autoreload 18548 26296 F:\Scholl Management\backend\apps\transport\views.py changed, reloading.
INFO 2026-01-18 02:53:48,691 autoreload 8872 23668 Watching for file changes with StatReloader
INFO 2026-01-18 02:53:49,374 autoreload 13308 10252 Watching for file changes with StatReloader
INFO 2026-01-18 02:53:59,792 autoreload 8872 23668 F:\Scholl Management\backend\apps\hostel\views.py changed, reloading.
INFO 2026-01-18 02:54:00,516 autoreload 13308 10252 F:\Scholl Management\backend\apps\hostel\views.py changed, reloading.
INFO 2026-01-18 02:54:02,565 autoreload 26432 10396 Watching for file changes with StatReloader
INFO 2026-01-18 02:54:03,590 autoreload 9472 3068 Watching for file changes with StatReloader
INFO 2026-01-18 02:54:14,940 autoreload 26432 10396 F:\Scholl Management\backend\apps\messaging\views.py changed, reloading.
INFO 2026-01-18 02:54:15,635 autoreload 9472 3068 F:\Scholl Management\backend\apps\messaging\views.py changed, reloading.
INFO 2026-01-18 02:54:17,647 autoreload 15320 20352 Watching for file changes with StatReloader
INFO 2026-01-18 02:54:18,805 autoreload 23968 15352 Watching for file changes with StatReloader
INFO 2026-01-18 02:54:27,316 autoreload 23968 15352 F:\Scholl Management\backend\apps\behavior\views.py changed, reloading.
INFO 2026-01-18 02:54:27,740 autoreload 15320 20352 F:\Scholl Management\backend\apps\behavior\views.py changed, reloading.
INFO 2026-01-18 02:54:30,246 autoreload 15788 26464 Watching for file changes with StatReloader
INFO 2026-01-18 02:54:30,485 autoreload 24176 8208 Watching for file changes with StatReloader
INFO 2026-01-18 02:54:55,580 autoreload 15788 26464 F:\Scholl Management\backend\apps\users\views.py changed, reloading.
INFO 2026-01-18 02:54:55,895 autoreload 24176 8208 F:\Scholl Management\backend\apps\users\views.py changed, reloading.
INFO 2026-01-18 02:54:58,591 autoreload 16788 15324 Watching for file changes with StatReloader
INFO 2026-01-18 02:54:58,637 autoreload 5328 13272 Watching for file changes with StatReloader
INFO 2026-01-18 02:55:13,808 autoreload 16788 15324 F:\Scholl Management\backend\apps\core\views.py changed, reloading.
INFO 2026-01-18 02:55:14,516 autoreload 5328 13272 F:\Scholl Management\backend\apps\core\views.py changed, reloading.
INFO 2026-01-18 02:55:17,192 autoreload 8660 22564 Watching for file changes with StatReloader
INFO 2026-01-18 02:55:17,368 autoreload 20892 1544 Watching for file changes with StatReloader
INFO 2026-01-18 02:55:34,434 autoreload 20892 1544 F:\Scholl Management\backend\apps\attendance\views.py changed, reloading.
INFO 2026-01-18 02:55:35,086 autoreload 8660 22564 F:\Scholl Management\backend\apps\attendance\views.py changed, reloading.
INFO 2026-01-18 02:55:37,080 autoreload 27760 19204 Watching for file changes with StatReloader
INFO 2026-01-18 02:55:37,888 autoreload 15628 21660 Watching for file changes with StatReloader
INFO 2026-01-18 02:55:44,264 autoreload 15628 21660 F:\Scholl Management\backend\apps\staff\views.py changed, reloading.
INFO 2026-01-18 02:55:44,661 autoreload 27760 19204 F:\Scholl Management\backend\apps\staff\views.py changed, reloading.
INFO 2026-01-18 02:55:47,211 autoreload 26292 19416 Watching for file changes with StatReloader
INFO 2026-01-18 02:55:47,429 autoreload 27640 27404 Watching for file changes with StatReloader
INFO 2026-01-18 02:57:46,254 basehttp 27640 26304 "GET /api/students/ HTTP/1.1" 200 52
INFO 2026-01-18 02:58:32,784 basehttp 27640 27852 "GET /api/grades/ HTTP/1.1" 200 52
INFO 2026-01-18 02:58:32,897 basehttp 27640 16684 "GET /api/attendance/by_date/?date=2026-01-17 HTTP/1.1" 200 2
INFO 2026-01-18 02:58:33,014 basehttp 27640 11624 "GET /api/grades/ HTTP/1.1" 200 52
INFO 2026-01-18 02:58:33,123 basehttp 27640 20988 "GET /api/attendance/stats/?date=2026-01-17 HTTP/1.1" 200 551
INFO 2026-01-18 02:58:47,681 basehttp 27640 13240 "GET /api/students/ HTTP/1.1" 200 52
ERROR 2026-01-18 02:58:50,572 basehttp 27640 27852 "GET /api/sections/ HTTP/1.1" 500 124972
INFO 2026-01-18 02:58:54,159 basehttp 27640 20988 "GET /api/attendance/by_date/?date=2026-01-17 HTTP/1.1" 200 2
INFO 2026-01-18 02:58:54,991 basehttp 27640 12668 "GET /api/attendance/stats/?date=2026-01-17 HTTP/1.1" 200 551
INFO 2026-01-18 02:58:55,071 basehttp 27640 7412 "GET /api/grades/ HTTP/1.1" 200 52
INFO 2026-01-18 02:58:55,139 basehttp 27640 11380 "GET /api/grades/ HTTP/1.1" 200 52
ERROR 2026-01-18 02:59:12,767 basehttp 27640 27852 "GET /api/sections/ HTTP/1.1" 500 124972
INFO 2026-01-18 02:59:39,188 basehttp 27640 13580 "GET /api/dashboard/ HTTP/1.1" 200 455
INFO 2026-01-18 12:54:34,467 autoreload 12304 1136 Watching for file changes with StatReloader
WARNING 2026-01-18 12:54:44,069 basehttp 12304 10536 "GET / HTTP/1.1" 404 4188
WARNING 2026-01-18 12:54:47,162 basehttp 12304 10536 "GET /favicon.ico HTTP/1.1" 404 4239
INFO 2026-01-18 12:55:09,009 basehttp 12304 11096 "GET /api/dashboard/ HTTP/1.1" 200 455
INFO 2026-01-18 12:56:13,809 basehttp 12304 14600 "GET /api/students/ HTTP/1.1" 200 52
INFO 2026-01-18 12:56:38,747 basehttp 12304 22852 "GET /api/attendance/by_date/?date=2026-01-18 HTTP/1.1" 200 2
INFO 2026-01-18 12:56:38,816 basehttp 12304 12668 "GET /api/grades/ HTTP/1.1" 200 52
INFO 2026-01-18 12:56:38,885 basehttp 12304 18124 "GET /api/grades/ HTTP/1.1" 200 52
INFO 2026-01-18 12:56:38,964 basehttp 12304 18784 "GET /api/attendance/stats/?date=2026-01-18 HTTP/1.1" 200 551
ERROR 2026-01-18 12:56:55,560 basehttp 12304 12668 "GET /api/sections/ HTTP/1.1" 500 132496
INFO 2026-01-18 13:00:05,793 basehttp 12304 17700 "GET /api/dashboard/ HTTP/1.1" 200 455
INFO 2026-01-18 13:02:09,998 basehttp 12304 15508 "GET /api/dashboard/ HTTP/1.1" 200 455
INFO 2026-01-18 13:03:06,202 basehttp 12304 6156 "GET /api/dashboard/ HTTP/1.1" 200 455
INFO 2026-01-18 13:05:04,141 autoreload 12304 1136 F:\Scholl Management\backend\config\settings.py changed, reloading.
INFO 2026-01-18 13:05:05,775 autoreload 15232 24408 Watching for file changes with StatReloader
INFO 2026-01-18 13:05:25,153 autoreload 15232 24408 F:\Scholl Management\backend\config\settings.py changed, reloading.
INFO 2026-01-18 13:05:26,410 autoreload 25480 26616 Watching for file changes with StatReloader
INFO 2026-01-18 13:05:42,519 autoreload 25480 26616 F:\Scholl Management\backend\config\settings.py changed, reloading.
INFO 2026-01-18 13:05:43,732 autoreload 28536 22688 Watching for file changes with StatReloader
INFO 2026-01-18 13:23:37,696 autoreload 28536 22688 F:\Scholl Management\backend\apps\core\views.py changed, reloading.
INFO 2026-01-18 13:23:38,845 autoreload 17628 9384 Watching for file changes with StatReloader
INFO 2026-01-18 13:23:53,210 autoreload 2872 6540 Watching for file changes with StatReloader
INFO 2026-01-18 13:24:15,933 basehttp 2872 17392 "GET /api/dashboard/ HTTP/1.1" 200 455
INFO 2026-01-18 13:26:41,209 basehttp 2872 28552 "GET /api/students/ HTTP/1.1" 200 52
INFO 2026-01-18 13:26:46,108 basehttp 2872 27856 "GET /api/dashboard/ HTTP/1.1" 200 455
INFO 2026-01-18 13:31:46,495 basehttp 2872 28412 "GET /api/dashboard/ HTTP/1.1" 200 1698
INFO 2026-01-18 13:32:02,654 basehttp 2872 21392 "GET /api/students/ HTTP/1.1" 200 5494
INFO 2026-01-18 13:32:04,865 basehttp 2872 28412 "GET /api/dashboard/ HTTP/1.1" 200 1698
INFO 2026-01-18 13:33:08,457 basehttp 2872 11920 "GET /api/dashboard/ HTTP/1.1" 200 1698
INFO 2026-01-18 13:33:14,049 basehttp 2872 18472 "GET /api/grades/ HTTP/1.1" 200 1155
INFO 2026-01-20 14:28:15,568 autoreload 14464 13988 Watching for file changes with StatReloader
INFO 2026-01-20 14:30:11,972 basehttp 14464 16232 "GET /api/health/ HTTP/1.1" 200 67
INFO 2026-01-20 14:31:10,750 basehttp 14464 5324 "GET /api/dashboard/ HTTP/1.1" 200 1698
INFO 2026-01-20 17:50:11,029 basehttp 14464 36524 "GET /api/dashboard/ HTTP/1.1" 200 1698
INFO 2026-01-20 17:52:25,933 basehttp 14464 33788 "GET /api/students/ HTTP/1.1" 200 5494
INFO 2026-01-20 17:52:43,204 basehttp 14464 33788 "GET /api/students/ HTTP/1.1" 200 5494
INFO 2026-01-20 17:53:41,348 basehttp 14464 39288 "GET /api/students/ HTTP/1.1" 200 5494
INFO 2026-01-20 17:57:00,886 basehttp 14464 20752 "GET /api/students/ HTTP/1.1" 200 5494
INFO 2026-01-20 17:59:45,468 basehttp 14464 40392 "GET /api/students/ HTTP/1.1" 200 5494
INFO 2026-01-20 18:00:15,331 basehttp 14464 30824 "GET /api/dashboard/ HTTP/1.1" 200 1698
INFO 2026-01-20 18:00:16,355 basehttp 14464 32156 "GET /api/students/ HTTP/1.1" 200 5494
INFO 2026-01-20 18:00:49,215 basehttp 14464 35132 "GET /api/students/ HTTP/1.1" 200 5494
INFO 2026-01-20 18:01:09,243 basehttp 14464 35132 "GET /api/students/ HTTP/1.1" 200 5494
INFO 2026-01-20 18:03:17,359 basehttp 14464 37916 "GET /api/students/ HTTP/1.1" 200 5494
INFO 2026-01-20 18:03:40,910 basehttp 14464 37708 "GET /api/students/ HTTP/1.1" 200 5494
INFO 2026-01-20 18:04:03,544 basehttp 14464 36080 "GET /api/students/ HTTP/1.1" 200 5494
INFO 2026-01-20 18:04:28,571 basehttp 14464 40204 "GET /api/students/ HTTP/1.1" 200 5494
INFO 2026-01-20 18:04:52,139 basehttp 14464 36436 "GET /api/students/ HTTP/1.1" 200 5494
INFO 2026-01-20 18:06:13,186 basehttp 14464 39908 "GET /api/students/ HTTP/1.1" 200 5494
INFO 2026-01-20 18:34:14,871 autoreload 16108 27104 Watching for file changes with StatReloader
